  ____________       _____________
 ____    |__( )_________  __/__  /________      __
____  /| |_  /__  ___/_  /_ __  /_  __ \_ | /| / /
___  ___ |  / _  /   _  __/ _  / / /_/ /_ |/ |/ /
 _/_/  |_/_/  /_/    /_/    /_/  \____/____/|__/
[[34m2025-10-16T21:12:42.611+0700[0m] {[34mplugins_manager.py:[0m285} ERROR[0m - Failed to import plugin /home/vboxuser/code/finance_portfolio/airflow/plugins/spark_utils.py[0m
Traceback (most recent call last):
  File "/home/vboxuser/code/finance_portfolio/venv/lib/python3.10/site-packages/airflow/plugins_manager.py", line 277, in load_plugins_from_plugin_directory
    loader.exec_module(mod)
  File "<frozen importlib._bootstrap_external>", line 883, in exec_module
  File "<frozen importlib._bootstrap>", line 241, in _call_with_frames_removed
  File "/home/vboxuser/code/finance_portfolio/airflow/plugins/spark_utils.py", line 14, in <module>
    import findspark
ModuleNotFoundError: No module named 'findspark'
[[34m2025-10-16T21:12:42.613+0700[0m] {[34mtask_context_logger.py:[0m63} INFO[0m - Task context logging is enabled[0m
[[34m2025-10-16T21:12:42.614+0700[0m] {[34mexecutor_loader.py:[0m235} INFO[0m - Loaded executor: SequentialExecutor[0m
[[34m2025-10-16T21:12:42.761+0700[0m] {[34mscheduler_job_runner.py:[0m796} INFO[0m - Starting the scheduler[0m
[[34m2025-10-16T21:12:42.762+0700[0m] {[34mscheduler_job_runner.py:[0m803} INFO[0m - Processing each file at most -1 times[0m
[[34m2025-10-16T21:12:42.793+0700[0m] {[34mmanager.py:[0m170} INFO[0m - Launched DagFileProcessorManager with pid: 22747[0m
[[34m2025-10-16T21:12:42.816+0700[0m] {[34mscheduler_job_runner.py:[0m1595} INFO[0m - Adopting or resetting orphaned tasks for active dag runs[0m
[2025-10-16 21:12:42 +0700] [22745] [INFO] Starting gunicorn 23.0.0
[2025-10-16 21:12:42 +0700] [22745] [INFO] Listening at: http://[::]:8793 (22745)
[2025-10-16 21:12:42 +0700] [22745] [INFO] Using worker: sync
[[34m2025-10-16T21:12:42.826+0700[0m] {[34msettings.py:[0m60} INFO[0m - Configured default timezone UTC[0m
[2025-10-16 21:12:42 +0700] [22751] [INFO] Booting worker with pid: 22751
[2025-10-16T21:12:42.926+0700] {manager.py:393} WARNING - Because we cannot use more than 1 thread (parsing_processes = 2) when using sqlite. So we set parallelism to 1.
[2025-10-16 21:12:43 +0700] [22764] [INFO] Booting worker with pid: 22764
[[34m2025-10-16T21:12:56.561+0700[0m] {[34mconfiguration.py:[0m2087} INFO[0m - Creating new FAB webserver config file in: /home/vboxuser/code/finance_portfolio/airflow/webserver_config.py[0m
/home/vboxuser/code/finance_portfolio/venv/lib/python3.10/site-packages/flask_limiter/extension.py:336 UserWarning: Using the in-memory storage for tracking rate limits as no storage was explicitly specified. This is not recommended for production use. See: https://flask-limiter.readthedocs.io#configuring-a-storage-backend for documentation about configuring the storage backend.
[[34m2025-10-16T21:13:00.845+0700[0m] {[34moverride.py:[0m1930} INFO[0m - Created Permission View: can create on DAG Runs[0m
[[34m2025-10-16T21:13:00.885+0700[0m] {[34moverride.py:[0m1981} INFO[0m - Added Permission can create on DAG Runs to role Admin[0m
[[34m2025-10-16T21:13:00.930+0700[0m] {[34moverride.py:[0m1930} INFO[0m - Created Permission View: can read on DAG Runs[0m
[[34m2025-10-16T21:13:00.968+0700[0m] {[34moverride.py:[0m1981} INFO[0m - Added Permission can read on DAG Runs to role Admin[0m
[[34m2025-10-16T21:13:01.048+0700[0m] {[34moverride.py:[0m1930} INFO[0m - Created Permission View: can edit on DAG Runs[0m
[[34m2025-10-16T21:13:01.096+0700[0m] {[34moverride.py:[0m1981} INFO[0m - Added Permission can edit on DAG Runs to role Admin[0m
[[34m2025-10-16T21:13:01.122+0700[0m] {[34moverride.py:[0m1930} INFO[0m - Created Permission View: can delete on DAG Runs[0m
[[34m2025-10-16T21:13:01.135+0700[0m] {[34moverride.py:[0m1981} INFO[0m - Added Permission can delete on DAG Runs to role Admin[0m
[[34m2025-10-16T21:13:01.182+0700[0m] {[34moverride.py:[0m1930} INFO[0m - Created Permission View: menu access on DAG Runs[0m
[[34m2025-10-16T21:13:01.223+0700[0m] {[34moverride.py:[0m1981} INFO[0m - Added Permission menu access on DAG Runs to role Admin[0m
[[34m2025-10-16T21:13:01.285+0700[0m] {[34moverride.py:[0m1930} INFO[0m - Created Permission View: menu access on Browse[0m
[[34m2025-10-16T21:13:01.299+0700[0m] {[34moverride.py:[0m1981} INFO[0m - Added Permission menu access on Browse to role Admin[0m
[[34m2025-10-16T21:13:01.374+0700[0m] {[34moverride.py:[0m1930} INFO[0m - Created Permission View: can read on Jobs[0m
[[34m2025-10-16T21:13:01.411+0700[0m] {[34moverride.py:[0m1981} INFO[0m - Added Permission can read on Jobs to role Admin[0m
[[34m2025-10-16T21:13:01.473+0700[0m] {[34moverride.py:[0m1930} INFO[0m - Created Permission View: menu access on Jobs[0m
[[34m2025-10-16T21:13:01.600+0700[0m] {[34moverride.py:[0m1981} INFO[0m - Added Permission menu access on Jobs to role Admin[0m
[[34m2025-10-16T21:13:01.721+0700[0m] {[34moverride.py:[0m1930} INFO[0m - Created Permission View: can read on Audit Logs[0m
[[34m2025-10-16T21:13:01.748+0700[0m] {[34moverride.py:[0m1981} INFO[0m - Added Permission can read on Audit Logs to role Admin[0m
[[34m2025-10-16T21:13:01.778+0700[0m] {[34moverride.py:[0m1930} INFO[0m - Created Permission View: menu access on Audit Logs[0m
[[34m2025-10-16T21:13:01.789+0700[0m] {[34moverride.py:[0m1981} INFO[0m - Added Permission menu access on Audit Logs to role Admin[0m
[[34m2025-10-16T21:13:01.898+0700[0m] {[34moverride.py:[0m1930} INFO[0m - Created Permission View: can create on Variables[0m
[[34m2025-10-16T21:13:01.927+0700[0m] {[34moverride.py:[0m1981} INFO[0m - Added Permission can create on Variables to role Admin[0m
[[34m2025-10-16T21:13:01.975+0700[0m] {[34moverride.py:[0m1930} INFO[0m - Created Permission View: can read on Variables[0m
[[34m2025-10-16T21:13:02.002+0700[0m] {[34moverride.py:[0m1981} INFO[0m - Added Permission can read on Variables to role Admin[0m
[[34m2025-10-16T21:13:02.023+0700[0m] {[34moverride.py:[0m1930} INFO[0m - Created Permission View: can edit on Variables[0m
[[34m2025-10-16T21:13:02.061+0700[0m] {[34moverride.py:[0m1981} INFO[0m - Added Permission can edit on Variables to role Admin[0m
[[34m2025-10-16T21:13:02.117+0700[0m] {[34moverride.py:[0m1930} INFO[0m - Created Permission View: can delete on Variables[0m
[[34m2025-10-16T21:13:02.135+0700[0m] {[34moverride.py:[0m1981} INFO[0m - Added Permission can delete on Variables to role Admin[0m
[[34m2025-10-16T21:13:02.154+0700[0m] {[34moverride.py:[0m1930} INFO[0m - Created Permission View: menu access on Variables[0m
[[34m2025-10-16T21:13:02.186+0700[0m] {[34moverride.py:[0m1981} INFO[0m - Added Permission menu access on Variables to role Admin[0m
[[34m2025-10-16T21:13:02.273+0700[0m] {[34moverride.py:[0m1930} INFO[0m - Created Permission View: menu access on Admin[0m
[[34m2025-10-16T21:13:02.308+0700[0m] {[34moverride.py:[0m1981} INFO[0m - Added Permission menu access on Admin to role Admin[0m
[[34m2025-10-16T21:13:02.574+0700[0m] {[34moverride.py:[0m1930} INFO[0m - Created Permission View: can create on Task Instances[0m
[[34m2025-10-16T21:13:02.737+0700[0m] {[34moverride.py:[0m1981} INFO[0m - Added Permission can create on Task Instances to role Admin[0m
[[34m2025-10-16T21:13:02.769+0700[0m] {[34moverride.py:[0m1930} INFO[0m - Created Permission View: can read on Task Instances[0m
[[34m2025-10-16T21:13:02.930+0700[0m] {[34moverride.py:[0m1981} INFO[0m - Added Permission can read on Task Instances to role Admin[0m
[[34m2025-10-16T21:13:03.065+0700[0m] {[34moverride.py:[0m1930} INFO[0m - Created Permission View: can edit on Task Instances[0m
[[34m2025-10-16T21:13:03.094+0700[0m] {[34moverride.py:[0m1981} INFO[0m - Added Permission can edit on Task Instances to role Admin[0m
[[34m2025-10-16T21:13:03.224+0700[0m] {[34moverride.py:[0m1930} INFO[0m - Created Permission View: can delete on Task Instances[0m
[[34m2025-10-16T21:13:03.352+0700[0m] {[34moverride.py:[0m1981} INFO[0m - Added Permission can delete on Task Instances to role Admin[0m
[[34m2025-10-16T21:13:03.426+0700[0m] {[34moverride.py:[0m1930} INFO[0m - Created Permission View: menu access on Task Instances[0m
[[34m2025-10-16T21:13:03.499+0700[0m] {[34moverride.py:[0m1981} INFO[0m - Added Permission menu access on Task Instances to role Admin[0m
[[34m2025-10-16T21:13:03.631+0700[0m] {[34moverride.py:[0m1930} INFO[0m - Created Permission View: can read on Task Reschedules[0m
[[34m2025-10-16T21:13:03.664+0700[0m] {[34moverride.py:[0m1981} INFO[0m - Added Permission can read on Task Reschedules to role Admin[0m
[[34m2025-10-16T21:13:03.687+0700[0m] {[34moverride.py:[0m1930} INFO[0m - Created Permission View: menu access on Task Reschedules[0m
[[34m2025-10-16T21:13:03.716+0700[0m] {[34moverride.py:[0m1981} INFO[0m - Added Permission menu access on Task Reschedules to role Admin[0m
[[34m2025-10-16T21:13:04.052+0700[0m] {[34moverride.py:[0m1930} INFO[0m - Created Permission View: can read on Triggers[0m
[[34m2025-10-16T21:13:04.154+0700[0m] {[34moverride.py:[0m1981} INFO[0m - Added Permission can read on Triggers to role Admin[0m
[[34m2025-10-16T21:13:04.376+0700[0m] {[34moverride.py:[0m1930} INFO[0m - Created Permission View: menu access on Triggers[0m
[[34m2025-10-16T21:13:04.463+0700[0m] {[34moverride.py:[0m1981} INFO[0m - Added Permission menu access on Triggers to role Admin[0m
[[34m2025-10-16T21:13:04.528+0700[0m] {[34moverride.py:[0m1930} INFO[0m - Created Permission View: can read on Configurations[0m
[[34m2025-10-16T21:13:04.614+0700[0m] {[34moverride.py:[0m1981} INFO[0m - Added Permission can read on Configurations to role Admin[0m
[[34m2025-10-16T21:13:04.695+0700[0m] {[34moverride.py:[0m1930} INFO[0m - Created Permission View: menu access on Configurations[0m
[[34m2025-10-16T21:13:04.783+0700[0m] {[34moverride.py:[0m1981} INFO[0m - Added Permission menu access on Configurations to role Admin[0m
[[34m2025-10-16T21:13:05.021+0700[0m] {[34moverride.py:[0m1930} INFO[0m - Created Permission View: can create on Connections[0m
[[34m2025-10-16T21:13:05.049+0700[0m] {[34moverride.py:[0m1981} INFO[0m - Added Permission can create on Connections to role Admin[0m
[[34m2025-10-16T21:13:05.128+0700[0m] {[34moverride.py:[0m1930} INFO[0m - Created Permission View: can read on Connections[0m
[[34m2025-10-16T21:13:05.245+0700[0m] {[34moverride.py:[0m1981} INFO[0m - Added Permission can read on Connections to role Admin[0m
[[34m2025-10-16T21:13:05.329+0700[0m] {[34moverride.py:[0m1930} INFO[0m - Created Permission View: can edit on Connections[0m
[[34m2025-10-16T21:13:05.469+0700[0m] {[34moverride.py:[0m1981} INFO[0m - Added Permission can edit on Connections to role Admin[0m
[[34m2025-10-16T21:13:05.532+0700[0m] {[34moverride.py:[0m1930} INFO[0m - Created Permission View: can delete on Connections[0m
[[34m2025-10-16T21:13:05.553+0700[0m] {[34moverride.py:[0m1981} INFO[0m - Added Permission can delete on Connections to role Admin[0m
[[34m2025-10-16T21:13:05.643+0700[0m] {[34moverride.py:[0m1930} INFO[0m - Created Permission View: menu access on Connections[0m
[[34m2025-10-16T21:13:05.827+0700[0m] {[34moverride.py:[0m1981} INFO[0m - Added Permission menu access on Connections to role Admin[0m
[[34m2025-10-16T21:13:06.243+0700[0m] {[34moverride.py:[0m1930} INFO[0m - Created Permission View: can read on SLA Misses[0m
[[34m2025-10-16T21:13:06.274+0700[0m] {[34moverride.py:[0m1981} INFO[0m - Added Permission can read on SLA Misses to role Admin[0m
[[34m2025-10-16T21:13:06.310+0700[0m] {[34moverride.py:[0m1930} INFO[0m - Created Permission View: menu access on SLA Misses[0m
[[34m2025-10-16T21:13:06.365+0700[0m] {[34moverride.py:[0m1981} INFO[0m - Added Permission menu access on SLA Misses to role Admin[0m
[[34m2025-10-16T21:13:06.409+0700[0m] {[34moverride.py:[0m1930} INFO[0m - Created Permission View: can delete on SLA Misses[0m
[[34m2025-10-16T21:13:06.455+0700[0m] {[34moverride.py:[0m1981} INFO[0m - Added Permission can delete on SLA Misses to role Admin[0m
[[34m2025-10-16T21:13:06.498+0700[0m] {[34moverride.py:[0m1930} INFO[0m - Created Permission View: can edit on SLA Misses[0m
[[34m2025-10-16T21:13:06.526+0700[0m] {[34moverride.py:[0m1981} INFO[0m - Added Permission can edit on SLA Misses to role Admin[0m
[[34m2025-10-16T21:13:06.704+0700[0m] {[34moverride.py:[0m1930} INFO[0m - Created Permission View: can read on Plugins[0m
[[34m2025-10-16T21:13:06.794+0700[0m] {[34moverride.py:[0m1981} INFO[0m - Added Permission can read on Plugins to role Admin[0m
[[34m2025-10-16T21:13:06.895+0700[0m] {[34moverride.py:[0m1930} INFO[0m - Created Permission View: menu access on Plugins[0m
[[34m2025-10-16T21:13:06.917+0700[0m] {[34moverride.py:[0m1981} INFO[0m - Added Permission menu access on Plugins to role Admin[0m
[[34m2025-10-16T21:13:07.018+0700[0m] {[34moverride.py:[0m1930} INFO[0m - Created Permission View: can read on Providers[0m
[[34m2025-10-16T21:13:07.080+0700[0m] {[34moverride.py:[0m1981} INFO[0m - Added Permission can read on Providers to role Admin[0m
[[34m2025-10-16T21:13:07.209+0700[0m] {[34moverride.py:[0m1930} INFO[0m - Created Permission View: menu access on Providers[0m
[[34m2025-10-16T21:13:07.232+0700[0m] {[34moverride.py:[0m1981} INFO[0m - Added Permission menu access on Providers to role Admin[0m
[[34m2025-10-16T21:13:07.318+0700[0m] {[34moverride.py:[0m1930} INFO[0m - Created Permission View: can create on Pools[0m
[[34m2025-10-16T21:13:07.361+0700[0m] {[34moverride.py:[0m1981} INFO[0m - Added Permission can create on Pools to role Admin[0m
[[34m2025-10-16T21:13:07.412+0700[0m] {[34moverride.py:[0m1930} INFO[0m - Created Permission View: can read on Pools[0m
[[34m2025-10-16T21:13:07.436+0700[0m] {[34moverride.py:[0m1981} INFO[0m - Added Permission can read on Pools to role Admin[0m
[[34m2025-10-16T21:13:07.498+0700[0m] {[34moverride.py:[0m1930} INFO[0m - Created Permission View: can edit on Pools[0m
[[34m2025-10-16T21:13:07.528+0700[0m] {[34moverride.py:[0m1981} INFO[0m - Added Permission can edit on Pools to role Admin[0m
[[34m2025-10-16T21:13:07.564+0700[0m] {[34moverride.py:[0m1930} INFO[0m - Created Permission View: can delete on Pools[0m
[[34m2025-10-16T21:13:07.598+0700[0m] {[34moverride.py:[0m1981} INFO[0m - Added Permission can delete on Pools to role Admin[0m
[[34m2025-10-16T21:13:07.622+0700[0m] {[34moverride.py:[0m1930} INFO[0m - Created Permission View: menu access on Pools[0m
[[34m2025-10-16T21:13:07.724+0700[0m] {[34moverride.py:[0m1981} INFO[0m - Added Permission menu access on Pools to role Admin[0m
[[34m2025-10-16T21:13:07.906+0700[0m] {[34moverride.py:[0m1930} INFO[0m - Created Permission View: can read on XComs[0m
[[34m2025-10-16T21:13:07.969+0700[0m] {[34moverride.py:[0m1981} INFO[0m - Added Permission can read on XComs to role Admin[0m
[[34m2025-10-16T21:13:08.005+0700[0m] {[34moverride.py:[0m1930} INFO[0m - Created Permission View: can delete on XComs[0m
[[34m2025-10-16T21:13:08.040+0700[0m] {[34moverride.py:[0m1981} INFO[0m - Added Permission can delete on XComs to role Admin[0m
[[34m2025-10-16T21:13:08.056+0700[0m] {[34moverride.py:[0m1930} INFO[0m - Created Permission View: menu access on XComs[0m
[[34m2025-10-16T21:13:08.070+0700[0m] {[34moverride.py:[0m1981} INFO[0m - Added Permission menu access on XComs to role Admin[0m
[[34m2025-10-16T21:13:08.349+0700[0m] {[34moverride.py:[0m1930} INFO[0m - Created Permission View: menu access on DAG Dependencies[0m
[[34m2025-10-16T21:13:08.362+0700[0m] {[34moverride.py:[0m1981} INFO[0m - Added Permission menu access on DAG Dependencies to role Admin[0m
[[34m2025-10-16T21:13:08.601+0700[0m] {[34moverride.py:[0m1930} INFO[0m - Created Permission View: menu access on DAGs[0m
[[34m2025-10-16T21:13:08.738+0700[0m] {[34moverride.py:[0m1981} INFO[0m - Added Permission menu access on DAGs to role Admin[0m
[[34m2025-10-16T21:13:08.801+0700[0m] {[34moverride.py:[0m1930} INFO[0m - Created Permission View: menu access on Cluster Activity[0m
[[34m2025-10-16T21:13:08.816+0700[0m] {[34moverride.py:[0m1981} INFO[0m - Added Permission menu access on Cluster Activity to role Admin[0m
[[34m2025-10-16T21:13:08.873+0700[0m] {[34moverride.py:[0m1930} INFO[0m - Created Permission View: menu access on Datasets[0m
[[34m2025-10-16T21:13:08.885+0700[0m] {[34moverride.py:[0m1981} INFO[0m - Added Permission menu access on Datasets to role Admin[0m
[[34m2025-10-16T21:13:08.908+0700[0m] {[34moverride.py:[0m1930} INFO[0m - Created Permission View: menu access on Documentation[0m
[[34m2025-10-16T21:13:08.920+0700[0m] {[34moverride.py:[0m1981} INFO[0m - Added Permission menu access on Documentation to role Admin[0m
[[34m2025-10-16T21:13:08.957+0700[0m] {[34moverride.py:[0m1930} INFO[0m - Created Permission View: menu access on Docs[0m
[[34m2025-10-16T21:13:08.968+0700[0m] {[34moverride.py:[0m1981} INFO[0m - Added Permission menu access on Docs to role Admin[0m
[[34m2025-10-16T21:13:09.173+0700[0m] {[34mplugins_manager.py:[0m285} ERROR[0m - Failed to import plugin /home/vboxuser/code/finance_portfolio/airflow/plugins/spark_utils.py[0m
Traceback (most recent call last):
  File "/home/vboxuser/code/finance_portfolio/venv/lib/python3.10/site-packages/airflow/plugins_manager.py", line 277, in load_plugins_from_plugin_directory
    loader.exec_module(mod)
  File "<frozen importlib._bootstrap_external>", line 883, in exec_module
  File "<frozen importlib._bootstrap>", line 241, in _call_with_frames_removed
  File "/home/vboxuser/code/finance_portfolio/airflow/plugins/spark_utils.py", line 14, in <module>
    import findspark
ModuleNotFoundError: No module named 'findspark'
/home/vboxuser/code/finance_portfolio/venv/lib/python3.10/site-packages/airflow/api_connexion/schemas/task_schema.py:52 ChangedInMarshmallow4Warning: `Number` field should not be instantiated. Use `Integer`, `Float`, or `Decimal` instead.
/home/vboxuser/code/finance_portfolio/venv/lib/python3.10/site-packages/airflow/api_connexion/schemas/task_schema.py:55 ChangedInMarshmallow4Warning: `Number` field should not be instantiated. Use `Integer`, `Float`, or `Decimal` instead.
/home/vboxuser/code/finance_portfolio/venv/lib/python3.10/site-packages/airflow/api_connexion/schemas/task_schema.py:59 ChangedInMarshmallow4Warning: `Number` field should not be instantiated. Use `Integer`, `Float`, or `Decimal` instead.
[[34m2025-10-16T21:13:12.976+0700[0m] {[34moverride.py:[0m1930} INFO[0m - Created Permission View: can edit on DAGs[0m
[[34m2025-10-16T21:13:13.211+0700[0m] {[34moverride.py:[0m1930} INFO[0m - Created Permission View: can delete on DAGs[0m
[[34m2025-10-16T21:13:13.704+0700[0m] {[34moverride.py:[0m1930} INFO[0m - Created Permission View: can read on DAGs[0m
[[34m2025-10-16T21:13:13.945+0700[0m] {[34moverride.py:[0m1526} INFO[0m - Inserted Role: Public[0m
[[34m2025-10-16T21:13:14.074+0700[0m] {[34moverride.py:[0m1526} INFO[0m - Inserted Role: Viewer[0m
[[34m2025-10-16T21:13:14.116+0700[0m] {[34moverride.py:[0m1981} INFO[0m - Added Permission can read on DAGs to role Viewer[0m
[[34m2025-10-16T21:13:14.143+0700[0m] {[34moverride.py:[0m1930} INFO[0m - Created Permission View: can read on DAG Dependencies[0m
[[34m2025-10-16T21:13:14.182+0700[0m] {[34moverride.py:[0m1981} INFO[0m - Added Permission can read on DAG Dependencies to role Viewer[0m
[[34m2025-10-16T21:13:14.222+0700[0m] {[34moverride.py:[0m1930} INFO[0m - Created Permission View: can read on DAG Code[0m
[[34m2025-10-16T21:13:14.240+0700[0m] {[34moverride.py:[0m1981} INFO[0m - Added Permission can read on DAG Code to role Viewer[0m
[[34m2025-10-16T21:13:14.268+0700[0m] {[34moverride.py:[0m1981} INFO[0m - Added Permission can read on DAG Runs to role Viewer[0m
[[34m2025-10-16T21:13:14.293+0700[0m] {[34moverride.py:[0m1930} INFO[0m - Created Permission View: can read on Datasets[0m
[[34m2025-10-16T21:13:14.312+0700[0m] {[34moverride.py:[0m1981} INFO[0m - Added Permission can read on Datasets to role Viewer[0m
[[34m2025-10-16T21:13:14.341+0700[0m] {[34moverride.py:[0m1930} INFO[0m - Created Permission View: can read on Cluster Activity[0m
[[34m2025-10-16T21:13:14.369+0700[0m] {[34moverride.py:[0m1981} INFO[0m - Added Permission can read on Cluster Activity to role Viewer[0m
[[34m2025-10-16T21:13:14.497+0700[0m] {[34moverride.py:[0m1981} INFO[0m - Added Permission can read on Pools to role Viewer[0m
[[34m2025-10-16T21:13:14.535+0700[0m] {[34moverride.py:[0m1930} INFO[0m - Created Permission View: can read on ImportError[0m
[[34m2025-10-16T21:13:14.551+0700[0m] {[34moverride.py:[0m1981} INFO[0m - Added Permission can read on ImportError to role Viewer[0m
[[34m2025-10-16T21:13:15.013+0700[0m] {[34moverride.py:[0m1930} INFO[0m - Created Permission View: can read on DAG Warnings[0m
[[34m2025-10-16T21:13:15.130+0700[0m] {[34moverride.py:[0m1981} INFO[0m - Added Permission can read on DAG Warnings to role Viewer[0m
[[34m2025-10-16T21:13:15.240+0700[0m] {[34moverride.py:[0m1981} INFO[0m - Added Permission can read on Jobs to role Viewer[0m
[[34m2025-10-16T21:13:15.292+0700[0m] {[34moverride.py:[0m1981} INFO[0m - Added Permission can read on My Password to role Viewer[0m
[[34m2025-10-16T21:13:15.331+0700[0m] {[34moverride.py:[0m1981} INFO[0m - Added Permission can edit on My Password to role Viewer[0m
[[34m2025-10-16T21:13:15.471+0700[0m] {[34moverride.py:[0m1981} INFO[0m - Added Permission can read on My Profile to role Viewer[0m
[[34m2025-10-16T21:13:15.605+0700[0m] {[34moverride.py:[0m1981} INFO[0m - Added Permission can edit on My Profile to role Viewer[0m
[[34m2025-10-16T21:13:15.655+0700[0m] {[34moverride.py:[0m1981} INFO[0m - Added Permission can read on SLA Misses to role Viewer[0m
[[34m2025-10-16T21:13:15.839+0700[0m] {[34moverride.py:[0m1981} INFO[0m - Added Permission can read on Task Instances to role Viewer[0m
[[34m2025-10-16T21:13:15.913+0700[0m] {[34moverride.py:[0m1930} INFO[0m - Created Permission View: can read on Task Logs[0m
[[34m2025-10-16T21:13:15.959+0700[0m] {[34moverride.py:[0m1981} INFO[0m - Added Permission can read on Task Logs to role Viewer[0m
[[34m2025-10-16T21:13:16.015+0700[0m] {[34moverride.py:[0m1981} INFO[0m - Added Permission can read on XComs to role Viewer[0m
[[34m2025-10-16T21:13:16.102+0700[0m] {[34moverride.py:[0m1930} INFO[0m - Created Permission View: can read on Website[0m
[[34m2025-10-16T21:13:16.126+0700[0m] {[34moverride.py:[0m1981} INFO[0m - Added Permission can read on Website to role Viewer[0m
[[34m2025-10-16T21:13:16.152+0700[0m] {[34moverride.py:[0m1981} INFO[0m - Added Permission menu access on Browse to role Viewer[0m
[[34m2025-10-16T21:13:16.168+0700[0m] {[34moverride.py:[0m1981} INFO[0m - Added Permission menu access on DAGs to role Viewer[0m
[[34m2025-10-16T21:13:16.177+0700[0m] {[34moverride.py:[0m1981} INFO[0m - Added Permission menu access on DAG Dependencies to role Viewer[0m
[[34m2025-10-16T21:13:16.208+0700[0m] {[34moverride.py:[0m1981} INFO[0m - Added Permission menu access on DAG Runs to role Viewer[0m
[[34m2025-10-16T21:13:16.221+0700[0m] {[34moverride.py:[0m1981} INFO[0m - Added Permission menu access on Datasets to role Viewer[0m
[[34m2025-10-16T21:13:16.297+0700[0m] {[34moverride.py:[0m1981} INFO[0m - Added Permission menu access on Cluster Activity to role Viewer[0m
[[34m2025-10-16T21:13:16.397+0700[0m] {[34moverride.py:[0m1981} INFO[0m - Added Permission menu access on Documentation to role Viewer[0m
[[34m2025-10-16T21:13:16.409+0700[0m] {[34moverride.py:[0m1981} INFO[0m - Added Permission menu access on Docs to role Viewer[0m
[[34m2025-10-16T21:13:16.419+0700[0m] {[34moverride.py:[0m1981} INFO[0m - Added Permission menu access on Jobs to role Viewer[0m
[[34m2025-10-16T21:13:16.432+0700[0m] {[34moverride.py:[0m1981} INFO[0m - Added Permission menu access on SLA Misses to role Viewer[0m
[[34m2025-10-16T21:13:16.445+0700[0m] {[34moverride.py:[0m1981} INFO[0m - Added Permission menu access on Task Instances to role Viewer[0m
[[34m2025-10-16T21:13:16.459+0700[0m] {[34moverride.py:[0m1526} INFO[0m - Inserted Role: User[0m
[[34m2025-10-16T21:13:16.511+0700[0m] {[34moverride.py:[0m1981} INFO[0m - Added Permission can read on DAGs to role User[0m
[[34m2025-10-16T21:13:16.552+0700[0m] {[34moverride.py:[0m1981} INFO[0m - Added Permission can read on DAG Dependencies to role User[0m
[[34m2025-10-16T21:13:16.609+0700[0m] {[34moverride.py:[0m1981} INFO[0m - Added Permission can read on DAG Code to role User[0m
[[34m2025-10-16T21:13:16.627+0700[0m] {[34moverride.py:[0m1981} INFO[0m - Added Permission can read on DAG Runs to role User[0m
[[34m2025-10-16T21:13:16.653+0700[0m] {[34moverride.py:[0m1981} INFO[0m - Added Permission can read on Datasets to role User[0m
[[34m2025-10-16T21:13:16.687+0700[0m] {[34moverride.py:[0m1981} INFO[0m - Added Permission can read on Cluster Activity to role User[0m
[[34m2025-10-16T21:13:16.701+0700[0m] {[34moverride.py:[0m1981} INFO[0m - Added Permission can read on Pools to role User[0m
[[34m2025-10-16T21:13:16.718+0700[0m] {[34moverride.py:[0m1981} INFO[0m - Added Permission can read on ImportError to role User[0m
[[34m2025-10-16T21:13:16.793+0700[0m] {[34moverride.py:[0m1981} INFO[0m - Added Permission can read on DAG Warnings to role User[0m
[[34m2025-10-16T21:13:16.833+0700[0m] {[34moverride.py:[0m1981} INFO[0m - Added Permission can read on Jobs to role User[0m
[[34m2025-10-16T21:13:16.946+0700[0m] {[34moverride.py:[0m1981} INFO[0m - Added Permission can read on My Password to role User[0m
[[34m2025-10-16T21:13:16.996+0700[0m] {[34moverride.py:[0m1981} INFO[0m - Added Permission can edit on My Password to role User[0m
[[34m2025-10-16T21:13:17.095+0700[0m] {[34moverride.py:[0m1981} INFO[0m - Added Permission can read on My Profile to role User[0m
[[34m2025-10-16T21:13:17.130+0700[0m] {[34moverride.py:[0m1981} INFO[0m - Added Permission can edit on My Profile to role User[0m
[[34m2025-10-16T21:13:17.147+0700[0m] {[34moverride.py:[0m1981} INFO[0m - Added Permission can read on SLA Misses to role User[0m
[[34m2025-10-16T21:13:17.189+0700[0m] {[34moverride.py:[0m1981} INFO[0m - Added Permission can read on Task Instances to role User[0m
[[34m2025-10-16T21:13:17.227+0700[0m] {[34moverride.py:[0m1981} INFO[0m - Added Permission can read on Task Logs to role User[0m
[[34m2025-10-16T21:13:17.237+0700[0m] {[34moverride.py:[0m1981} INFO[0m - Added Permission can read on XComs to role User[0m
[[34m2025-10-16T21:13:17.264+0700[0m] {[34moverride.py:[0m1981} INFO[0m - Added Permission can read on Website to role User[0m
[[34m2025-10-16T21:13:17.323+0700[0m] {[34moverride.py:[0m1981} INFO[0m - Added Permission menu access on Browse to role User[0m
[[34m2025-10-16T21:13:17.435+0700[0m] {[34moverride.py:[0m1981} INFO[0m - Added Permission menu access on DAGs to role User[0m
[[34m2025-10-16T21:13:17.446+0700[0m] {[34moverride.py:[0m1981} INFO[0m - Added Permission menu access on DAG Dependencies to role User[0m
[[34m2025-10-16T21:13:17.470+0700[0m] {[34moverride.py:[0m1981} INFO[0m - Added Permission menu access on DAG Runs to role User[0m
[[34m2025-10-16T21:13:17.482+0700[0m] {[34moverride.py:[0m1981} INFO[0m - Added Permission menu access on Datasets to role User[0m
[[34m2025-10-16T21:13:17.517+0700[0m] {[34moverride.py:[0m1981} INFO[0m - Added Permission menu access on Cluster Activity to role User[0m
[[34m2025-10-16T21:13:17.533+0700[0m] {[34moverride.py:[0m1981} INFO[0m - Added Permission menu access on Documentation to role User[0m
[[34m2025-10-16T21:13:17.559+0700[0m] {[34moverride.py:[0m1981} INFO[0m - Added Permission menu access on Docs to role User[0m
[[34m2025-10-16T21:13:17.577+0700[0m] {[34moverride.py:[0m1981} INFO[0m - Added Permission menu access on Jobs to role User[0m
[[34m2025-10-16T21:13:17.587+0700[0m] {[34moverride.py:[0m1981} INFO[0m - Added Permission menu access on SLA Misses to role User[0m
[[34m2025-10-16T21:13:17.620+0700[0m] {[34moverride.py:[0m1981} INFO[0m - Added Permission menu access on Task Instances to role User[0m
[[34m2025-10-16T21:13:17.647+0700[0m] {[34moverride.py:[0m1981} INFO[0m - Added Permission can edit on DAGs to role User[0m
[[34m2025-10-16T21:13:17.677+0700[0m] {[34moverride.py:[0m1981} INFO[0m - Added Permission can delete on DAGs to role User[0m
[[34m2025-10-16T21:13:17.719+0700[0m] {[34moverride.py:[0m1981} INFO[0m - Added Permission can create on Task Instances to role User[0m
[[34m2025-10-16T21:13:17.734+0700[0m] {[34moverride.py:[0m1981} INFO[0m - Added Permission can edit on Task Instances to role User[0m
[[34m2025-10-16T21:13:17.749+0700[0m] {[34moverride.py:[0m1981} INFO[0m - Added Permission can delete on Task Instances to role User[0m
[[34m2025-10-16T21:13:17.764+0700[0m] {[34moverride.py:[0m1981} INFO[0m - Added Permission can create on DAG Runs to role User[0m
[[34m2025-10-16T21:13:17.783+0700[0m] {[34moverride.py:[0m1981} INFO[0m - Added Permission can edit on DAG Runs to role User[0m
[[34m2025-10-16T21:13:17.823+0700[0m] {[34moverride.py:[0m1981} INFO[0m - Added Permission can delete on DAG Runs to role User[0m
[[34m2025-10-16T21:13:17.838+0700[0m] {[34moverride.py:[0m1930} INFO[0m - Created Permission View: can create on Datasets[0m
[[34m2025-10-16T21:13:17.864+0700[0m] {[34moverride.py:[0m1981} INFO[0m - Added Permission can create on Datasets to role User[0m
[[34m2025-10-16T21:13:17.892+0700[0m] {[34moverride.py:[0m1526} INFO[0m - Inserted Role: Op[0m
[[34m2025-10-16T21:13:17.904+0700[0m] {[34moverride.py:[0m1981} INFO[0m - Added Permission can read on DAGs to role Op[0m
[[34m2025-10-16T21:13:17.952+0700[0m] {[34moverride.py:[0m1981} INFO[0m - Added Permission can read on DAG Dependencies to role Op[0m
[[34m2025-10-16T21:13:17.968+0700[0m] {[34moverride.py:[0m1981} INFO[0m - Added Permission can read on DAG Code to role Op[0m
[[34m2025-10-16T21:13:17.993+0700[0m] {[34moverride.py:[0m1981} INFO[0m - Added Permission can read on DAG Runs to role Op[0m
[[34m2025-10-16T21:13:18.042+0700[0m] {[34moverride.py:[0m1981} INFO[0m - Added Permission can read on Datasets to role Op[0m
[[34m2025-10-16T21:13:18.077+0700[0m] {[34moverride.py:[0m1981} INFO[0m - Added Permission can read on Cluster Activity to role Op[0m
[[34m2025-10-16T21:13:18.094+0700[0m] {[34moverride.py:[0m1981} INFO[0m - Added Permission can read on Pools to role Op[0m
[[34m2025-10-16T21:13:18.143+0700[0m] {[34moverride.py:[0m1981} INFO[0m - Added Permission can read on ImportError to role Op[0m
[[34m2025-10-16T21:13:18.156+0700[0m] {[34moverride.py:[0m1981} INFO[0m - Added Permission can read on DAG Warnings to role Op[0m
[[34m2025-10-16T21:13:18.169+0700[0m] {[34moverride.py:[0m1981} INFO[0m - Added Permission can read on Jobs to role Op[0m
[[34m2025-10-16T21:13:18.181+0700[0m] {[34moverride.py:[0m1981} INFO[0m - Added Permission can read on My Password to role Op[0m
[[34m2025-10-16T21:13:18.191+0700[0m] {[34moverride.py:[0m1981} INFO[0m - Added Permission can edit on My Password to role Op[0m
[[34m2025-10-16T21:13:18.201+0700[0m] {[34moverride.py:[0m1981} INFO[0m - Added Permission can read on My Profile to role Op[0m
[[34m2025-10-16T21:13:18.248+0700[0m] {[34moverride.py:[0m1981} INFO[0m - Added Permission can edit on My Profile to role Op[0m
[[34m2025-10-16T21:13:18.275+0700[0m] {[34moverride.py:[0m1981} INFO[0m - Added Permission can read on SLA Misses to role Op[0m
[[34m2025-10-16T21:13:18.299+0700[0m] {[34moverride.py:[0m1981} INFO[0m - Added Permission can read on Task Instances to role Op[0m
[[34m2025-10-16T21:13:18.342+0700[0m] {[34moverride.py:[0m1981} INFO[0m - Added Permission can read on Task Logs to role Op[0m
[[34m2025-10-16T21:13:18.362+0700[0m] {[34moverride.py:[0m1981} INFO[0m - Added Permission can read on XComs to role Op[0m
[[34m2025-10-16T21:13:18.376+0700[0m] {[34moverride.py:[0m1981} INFO[0m - Added Permission can read on Website to role Op[0m
[[34m2025-10-16T21:13:18.388+0700[0m] {[34moverride.py:[0m1981} INFO[0m - Added Permission menu access on Browse to role Op[0m
[[34m2025-10-16T21:13:18.400+0700[0m] {[34moverride.py:[0m1981} INFO[0m - Added Permission menu access on DAGs to role Op[0m
[[34m2025-10-16T21:13:18.446+0700[0m] {[34moverride.py:[0m1981} INFO[0m - Added Permission menu access on DAG Dependencies to role Op[0m
[[34m2025-10-16T21:13:18.464+0700[0m] {[34moverride.py:[0m1981} INFO[0m - Added Permission menu access on DAG Runs to role Op[0m
[[34m2025-10-16T21:13:18.481+0700[0m] {[34moverride.py:[0m1981} INFO[0m - Added Permission menu access on Datasets to role Op[0m
[[34m2025-10-16T21:13:18.510+0700[0m] {[34moverride.py:[0m1981} INFO[0m - Added Permission menu access on Cluster Activity to role Op[0m
[[34m2025-10-16T21:13:18.551+0700[0m] {[34moverride.py:[0m1981} INFO[0m - Added Permission menu access on Documentation to role Op[0m
[[34m2025-10-16T21:13:18.622+0700[0m] {[34moverride.py:[0m1981} INFO[0m - Added Permission menu access on Docs to role Op[0m
[[34m2025-10-16T21:13:18.648+0700[0m] {[34moverride.py:[0m1981} INFO[0m - Added Permission menu access on Jobs to role Op[0m
[[34m2025-10-16T21:13:18.672+0700[0m] {[34moverride.py:[0m1981} INFO[0m - Added Permission menu access on SLA Misses to role Op[0m
[[34m2025-10-16T21:13:18.702+0700[0m] {[34moverride.py:[0m1981} INFO[0m - Added Permission menu access on Task Instances to role Op[0m
[[34m2025-10-16T21:13:18.713+0700[0m] {[34moverride.py:[0m1981} INFO[0m - Added Permission can edit on DAGs to role Op[0m
[[34m2025-10-16T21:13:18.724+0700[0m] {[34moverride.py:[0m1981} INFO[0m - Added Permission can delete on DAGs to role Op[0m
[[34m2025-10-16T21:13:18.757+0700[0m] {[34moverride.py:[0m1981} INFO[0m - Added Permission can create on Task Instances to role Op[0m
[[34m2025-10-16T21:13:18.771+0700[0m] {[34moverride.py:[0m1981} INFO[0m - Added Permission can edit on Task Instances to role Op[0m
[[34m2025-10-16T21:13:18.780+0700[0m] {[34moverride.py:[0m1981} INFO[0m - Added Permission can delete on Task Instances to role Op[0m
[[34m2025-10-16T21:13:18.795+0700[0m] {[34moverride.py:[0m1981} INFO[0m - Added Permission can create on DAG Runs to role Op[0m
[[34m2025-10-16T21:13:18.819+0700[0m] {[34moverride.py:[0m1981} INFO[0m - Added Permission can edit on DAG Runs to role Op[0m
[[34m2025-10-16T21:13:18.830+0700[0m] {[34moverride.py:[0m1981} INFO[0m - Added Permission can delete on DAG Runs to role Op[0m
[[34m2025-10-16T21:13:18.842+0700[0m] {[34moverride.py:[0m1981} INFO[0m - Added Permission can create on Datasets to role Op[0m
[[34m2025-10-16T21:13:18.873+0700[0m] {[34moverride.py:[0m1981} INFO[0m - Added Permission can read on Configurations to role Op[0m
[[34m2025-10-16T21:13:18.917+0700[0m] {[34moverride.py:[0m1981} INFO[0m - Added Permission menu access on Admin to role Op[0m
[[34m2025-10-16T21:13:18.936+0700[0m] {[34moverride.py:[0m1981} INFO[0m - Added Permission menu access on Configurations to role Op[0m
[[34m2025-10-16T21:13:18.973+0700[0m] {[34moverride.py:[0m1981} INFO[0m - Added Permission menu access on Connections to role Op[0m
[[34m2025-10-16T21:13:19.007+0700[0m] {[34moverride.py:[0m1981} INFO[0m - Added Permission menu access on Pools to role Op[0m
[[34m2025-10-16T21:13:19.020+0700[0m] {[34moverride.py:[0m1981} INFO[0m - Added Permission menu access on Plugins to role Op[0m
[[34m2025-10-16T21:13:19.032+0700[0m] {[34moverride.py:[0m1981} INFO[0m - Added Permission menu access on Variables to role Op[0m
[[34m2025-10-16T21:13:19.043+0700[0m] {[34moverride.py:[0m1981} INFO[0m - Added Permission menu access on Providers to role Op[0m
[[34m2025-10-16T21:13:19.053+0700[0m] {[34moverride.py:[0m1981} INFO[0m - Added Permission menu access on XComs to role Op[0m
[[34m2025-10-16T21:13:19.068+0700[0m] {[34moverride.py:[0m1981} INFO[0m - Added Permission can create on Connections to role Op[0m
[[34m2025-10-16T21:13:19.078+0700[0m] {[34moverride.py:[0m1981} INFO[0m - Added Permission can read on Connections to role Op[0m
[[34m2025-10-16T21:13:19.091+0700[0m] {[34moverride.py:[0m1981} INFO[0m - Added Permission can edit on Connections to role Op[0m
[[34m2025-10-16T21:13:19.105+0700[0m] {[34moverride.py:[0m1981} INFO[0m - Added Permission can delete on Connections to role Op[0m
[[34m2025-10-16T21:13:19.116+0700[0m] {[34moverride.py:[0m1981} INFO[0m - Added Permission can create on Pools to role Op[0m
[[34m2025-10-16T21:13:19.126+0700[0m] {[34moverride.py:[0m1981} INFO[0m - Added Permission can edit on Pools to role Op[0m
[[34m2025-10-16T21:13:19.135+0700[0m] {[34moverride.py:[0m1981} INFO[0m - Added Permission can delete on Pools to role Op[0m
[[34m2025-10-16T21:13:19.146+0700[0m] {[34moverride.py:[0m1981} INFO[0m - Added Permission can read on Plugins to role Op[0m
[[34m2025-10-16T21:13:19.156+0700[0m] {[34moverride.py:[0m1981} INFO[0m - Added Permission can read on Providers to role Op[0m
[[34m2025-10-16T21:13:19.185+0700[0m] {[34moverride.py:[0m1981} INFO[0m - Added Permission can create on Variables to role Op[0m
[[34m2025-10-16T21:13:19.195+0700[0m] {[34moverride.py:[0m1981} INFO[0m - Added Permission can read on Variables to role Op[0m
[[34m2025-10-16T21:13:19.205+0700[0m] {[34moverride.py:[0m1981} INFO[0m - Added Permission can edit on Variables to role Op[0m
[[34m2025-10-16T21:13:19.215+0700[0m] {[34moverride.py:[0m1981} INFO[0m - Added Permission can delete on Variables to role Op[0m
[[34m2025-10-16T21:13:19.350+0700[0m] {[34moverride.py:[0m1981} INFO[0m - Added Permission can delete on XComs to role Op[0m
[[34m2025-10-16T21:13:19.420+0700[0m] {[34moverride.py:[0m1930} INFO[0m - Created Permission View: can delete on Datasets[0m
[[34m2025-10-16T21:13:19.466+0700[0m] {[34moverride.py:[0m1981} INFO[0m - Added Permission can delete on Datasets to role Op[0m
[[34m2025-10-16T21:13:19.488+0700[0m] {[34moverride.py:[0m1981} INFO[0m - Added Permission can read on DAGs to role Admin[0m
[[34m2025-10-16T21:13:19.506+0700[0m] {[34moverride.py:[0m1981} INFO[0m - Added Permission can read on DAG Dependencies to role Admin[0m
[[34m2025-10-16T21:13:19.582+0700[0m] {[34moverride.py:[0m1981} INFO[0m - Added Permission can read on DAG Code to role Admin[0m
[[34m2025-10-16T21:13:19.598+0700[0m] {[34moverride.py:[0m1981} INFO[0m - Added Permission can read on Datasets to role Admin[0m
[[34m2025-10-16T21:13:19.630+0700[0m] {[34moverride.py:[0m1981} INFO[0m - Added Permission can read on Cluster Activity to role Admin[0m
[[34m2025-10-16T21:13:19.651+0700[0m] {[34moverride.py:[0m1981} INFO[0m - Added Permission can read on ImportError to role Admin[0m
[[34m2025-10-16T21:13:19.667+0700[0m] {[34moverride.py:[0m1981} INFO[0m - Added Permission can read on DAG Warnings to role Admin[0m
[[34m2025-10-16T21:13:19.717+0700[0m] {[34moverride.py:[0m1981} INFO[0m - Added Permission can read on Task Logs to role Admin[0m
[[34m2025-10-16T21:13:19.732+0700[0m] {[34moverride.py:[0m1981} INFO[0m - Added Permission can read on Website to role Admin[0m
[[34m2025-10-16T21:13:19.755+0700[0m] {[34moverride.py:[0m1981} INFO[0m - Added Permission can edit on DAGs to role Admin[0m
[[34m2025-10-16T21:13:19.765+0700[0m] {[34moverride.py:[0m1981} INFO[0m - Added Permission can delete on DAGs to role Admin[0m
[[34m2025-10-16T21:13:19.777+0700[0m] {[34moverride.py:[0m1981} INFO[0m - Added Permission can create on Datasets to role Admin[0m
[[34m2025-10-16T21:13:19.800+0700[0m] {[34moverride.py:[0m1981} INFO[0m - Added Permission can delete on Datasets to role Admin[0m
[2025-10-16 21:13:19 +0700] [22966] [INFO] Starting gunicorn 23.0.0
[2025-10-16 21:13:20 +0700] [22966] [ERROR] Connection in use: ('0.0.0.0', 8080)
[2025-10-16 21:13:20 +0700] [22966] [ERROR] connection to ('0.0.0.0', 8080) failed: [Errno 98] Address already in use
[2025-10-16 21:13:21 +0700] [22966] [ERROR] Connection in use: ('0.0.0.0', 8080)
[2025-10-16 21:13:21 +0700] [22966] [ERROR] connection to ('0.0.0.0', 8080) failed: [Errno 98] Address already in use
[2025-10-16 21:13:22 +0700] [22966] [ERROR] Connection in use: ('0.0.0.0', 8080)
[2025-10-16 21:13:22 +0700] [22966] [ERROR] connection to ('0.0.0.0', 8080) failed: [Errno 98] Address already in use
[2025-10-16 21:13:23 +0700] [22966] [ERROR] Connection in use: ('0.0.0.0', 8080)
[2025-10-16 21:13:23 +0700] [22966] [ERROR] connection to ('0.0.0.0', 8080) failed: [Errno 98] Address already in use
[2025-10-16 21:13:24 +0700] [22966] [ERROR] Connection in use: ('0.0.0.0', 8080)
[2025-10-16 21:13:24 +0700] [22966] [ERROR] connection to ('0.0.0.0', 8080) failed: [Errno 98] Address already in use
[2025-10-16 21:13:25 +0700] [22966] [ERROR] Can't connect to ('0.0.0.0', 8080)
  ____________       _____________
 ____    |__( )_________  __/__  /________      __
____  /| |_  /__  ___/_  /_ __  /_  __ \_ | /| / /
___  ___ |  / _  /   _  __/ _  / / /_/ /_ |/ |/ /
 _/_/  |_/_/  /_/    /_/    /_/  \____/____/|__/
Running the Gunicorn Server with:
Workers: 4 sync
Host: 0.0.0.0:8080
Timeout: 120
Logfiles: - -
Access Logformat: 
=================================================================
[[34m2025-10-16T21:14:57.189+0700[0m] {[34mwebserver_command.py:[0m223} ERROR[0m - No response from gunicorn master within 120 seconds[0m
[[34m2025-10-16T21:14:57.197+0700[0m] {[34mwebserver_command.py:[0m224} ERROR[0m - Shutting down webserver[0m
[[34m2025-10-16T21:17:44.876+0700[0m] {[34mscheduler_job_runner.py:[0m1595} INFO[0m - Adopting or resetting orphaned tasks for active dag runs[0m
[[34m2025-10-16T21:18:37.939+0700[0m] {[34mscheduler_job_runner.py:[0m1328} INFO[0m - DAG silver_layer_pipeline is at (or above) max_active_runs (1 of 1), not creating any more runs[0m
[[34m2025-10-16T21:18:38.836+0700[0m] {[34mscheduler_job_runner.py:[0m417} INFO[0m - 3 tasks up for execution:
	<TaskInstance: silver_layer_pipeline.process_stock_data scheduled__2025-10-15T07:00:00+00:00 [scheduled]>
	<TaskInstance: silver_layer_pipeline.process_news_data scheduled__2025-10-15T07:00:00+00:00 [scheduled]>
	<TaskInstance: silver_layer_pipeline.process_others_data scheduled__2025-10-15T07:00:00+00:00 [scheduled]>[0m
[[34m2025-10-16T21:18:38.840+0700[0m] {[34mscheduler_job_runner.py:[0m480} INFO[0m - DAG silver_layer_pipeline has 0/16 running and queued tasks[0m
[[34m2025-10-16T21:18:38.840+0700[0m] {[34mscheduler_job_runner.py:[0m480} INFO[0m - DAG silver_layer_pipeline has 1/16 running and queued tasks[0m
[[34m2025-10-16T21:18:38.840+0700[0m] {[34mscheduler_job_runner.py:[0m480} INFO[0m - DAG silver_layer_pipeline has 2/16 running and queued tasks[0m
[[34m2025-10-16T21:18:38.840+0700[0m] {[34mscheduler_job_runner.py:[0m596} INFO[0m - Setting the following tasks to queued state:
	<TaskInstance: silver_layer_pipeline.process_stock_data scheduled__2025-10-15T07:00:00+00:00 [scheduled]>
	<TaskInstance: silver_layer_pipeline.process_news_data scheduled__2025-10-15T07:00:00+00:00 [scheduled]>
	<TaskInstance: silver_layer_pipeline.process_others_data scheduled__2025-10-15T07:00:00+00:00 [scheduled]>[0m
[[34m2025-10-16T21:18:38.863+0700[0m] {[34mscheduler_job_runner.py:[0m639} INFO[0m - Sending TaskInstanceKey(dag_id='silver_layer_pipeline', task_id='process_stock_data', run_id='scheduled__2025-10-15T07:00:00+00:00', try_number=1, map_index=-1) to executor with priority 4 and queue default[0m
[[34m2025-10-16T21:18:38.863+0700[0m] {[34mbase_executor.py:[0m149} INFO[0m - Adding to queue: ['airflow', 'tasks', 'run', 'silver_layer_pipeline', 'process_stock_data', 'scheduled__2025-10-15T07:00:00+00:00', '--local', '--subdir', 'DAGS_FOLDER/silver_layer_pipeline.py'][0m
[[34m2025-10-16T21:18:38.864+0700[0m] {[34mscheduler_job_runner.py:[0m639} INFO[0m - Sending TaskInstanceKey(dag_id='silver_layer_pipeline', task_id='process_news_data', run_id='scheduled__2025-10-15T07:00:00+00:00', try_number=1, map_index=-1) to executor with priority 4 and queue default[0m
[[34m2025-10-16T21:18:38.864+0700[0m] {[34mbase_executor.py:[0m149} INFO[0m - Adding to queue: ['airflow', 'tasks', 'run', 'silver_layer_pipeline', 'process_news_data', 'scheduled__2025-10-15T07:00:00+00:00', '--local', '--subdir', 'DAGS_FOLDER/silver_layer_pipeline.py'][0m
[[34m2025-10-16T21:18:38.864+0700[0m] {[34mscheduler_job_runner.py:[0m639} INFO[0m - Sending TaskInstanceKey(dag_id='silver_layer_pipeline', task_id='process_others_data', run_id='scheduled__2025-10-15T07:00:00+00:00', try_number=1, map_index=-1) to executor with priority 4 and queue default[0m
[[34m2025-10-16T21:18:38.864+0700[0m] {[34mbase_executor.py:[0m149} INFO[0m - Adding to queue: ['airflow', 'tasks', 'run', 'silver_layer_pipeline', 'process_others_data', 'scheduled__2025-10-15T07:00:00+00:00', '--local', '--subdir', 'DAGS_FOLDER/silver_layer_pipeline.py'][0m
[[34m2025-10-16T21:18:38.880+0700[0m] {[34msequential_executor.py:[0m74} INFO[0m - Executing command: ['airflow', 'tasks', 'run', 'silver_layer_pipeline', 'process_stock_data', 'scheduled__2025-10-15T07:00:00+00:00', '--local', '--subdir', 'DAGS_FOLDER/silver_layer_pipeline.py'][0m
[[34m2025-10-16T21:18:41.356+0700[0m] {[34mplugins_manager.py:[0m285} ERROR[0m - Failed to import plugin /home/vboxuser/code/finance_portfolio/airflow/plugins/spark_utils.py[0m
Traceback (most recent call last):
  File "/home/vboxuser/code/finance_portfolio/venv/lib/python3.10/site-packages/airflow/plugins_manager.py", line 277, in load_plugins_from_plugin_directory
    loader.exec_module(mod)
  File "<frozen importlib._bootstrap_external>", line 883, in exec_module
  File "<frozen importlib._bootstrap>", line 241, in _call_with_frames_removed
  File "/home/vboxuser/code/finance_portfolio/airflow/plugins/spark_utils.py", line 14, in <module>
    import findspark
ModuleNotFoundError: No module named 'findspark'
[[34m2025-10-16T21:18:41.370+0700[0m] {[34mdagbag.py:[0m545} INFO[0m - Filling up the DagBag from /home/vboxuser/code/finance_portfolio/airflow/dags/silver_layer_pipeline.py[0m
[[34m2025-10-16T21:18:41.489+0700[0m] {[34mexample_python_operator.py:[0m93} WARNING[0m - The virtalenv_python example task requires virtualenv, please install it.[0m
[[34m2025-10-16T21:18:42.060+0700[0m] {[34mexample_kubernetes_executor.py:[0m39} WARNING[0m - The example_kubernetes_executor example DAG requires the kubernetes provider. Please install it with: pip install apache-airflow[cncf.kubernetes][0m
[[34m2025-10-16T21:18:42.129+0700[0m] {[34mexample_python_decorator.py:[0m80} WARNING[0m - The virtalenv_python example task requires virtualenv, please install it.[0m
[[34m2025-10-16T21:18:42.244+0700[0m] {[34mtutorial_taskflow_api_virtualenv.py:[0m29} WARNING[0m - The tutorial_taskflow_api_virtualenv example DAG requires virtualenv, please install it.[0m
[[34m2025-10-16T21:18:42.302+0700[0m] {[34mexample_local_kubernetes_executor.py:[0m40} WARNING[0m - Could not import DAGs in example_local_kubernetes_executor.py[0m
Traceback (most recent call last):
  File "/home/vboxuser/code/finance_portfolio/venv/lib/python3.10/site-packages/airflow/example_dags/example_local_kubernetes_executor.py", line 38, in <module>
    from kubernetes.client import models as k8s
ModuleNotFoundError: No module named 'kubernetes'
[[34m2025-10-16T21:18:42.304+0700[0m] {[34mexample_local_kubernetes_executor.py:[0m41} WARNING[0m - Install Kubernetes dependencies with: pip install apache-airflow[cncf.kubernetes][0m
[[34m2025-10-16T21:18:42.816+0700[0m] {[34mtask_command.py:[0m426} INFO[0m - Running <TaskInstance: silver_layer_pipeline.process_stock_data scheduled__2025-10-15T07:00:00+00:00 [queued]> on host Ubuntu.myguest.virtualbox.org[0m
[[34m2025-10-16T21:21:17.735+0700[0m] {[34msequential_executor.py:[0m74} INFO[0m - Executing command: ['airflow', 'tasks', 'run', 'silver_layer_pipeline', 'process_news_data', 'scheduled__2025-10-15T07:00:00+00:00', '--local', '--subdir', 'DAGS_FOLDER/silver_layer_pipeline.py'][0m
[[34m2025-10-16T21:21:20.376+0700[0m] {[34mplugins_manager.py:[0m285} ERROR[0m - Failed to import plugin /home/vboxuser/code/finance_portfolio/airflow/plugins/spark_utils.py[0m
Traceback (most recent call last):
  File "/home/vboxuser/code/finance_portfolio/venv/lib/python3.10/site-packages/airflow/plugins_manager.py", line 277, in load_plugins_from_plugin_directory
    loader.exec_module(mod)
  File "<frozen importlib._bootstrap_external>", line 883, in exec_module
  File "<frozen importlib._bootstrap>", line 241, in _call_with_frames_removed
  File "/home/vboxuser/code/finance_portfolio/airflow/plugins/spark_utils.py", line 14, in <module>
    import findspark
ModuleNotFoundError: No module named 'findspark'
[[34m2025-10-16T21:21:20.386+0700[0m] {[34mdagbag.py:[0m545} INFO[0m - Filling up the DagBag from /home/vboxuser/code/finance_portfolio/airflow/dags/silver_layer_pipeline.py[0m
[[34m2025-10-16T21:21:20.522+0700[0m] {[34mexample_python_operator.py:[0m93} WARNING[0m - The virtalenv_python example task requires virtualenv, please install it.[0m
[[34m2025-10-16T21:21:20.833+0700[0m] {[34mexample_kubernetes_executor.py:[0m39} WARNING[0m - The example_kubernetes_executor example DAG requires the kubernetes provider. Please install it with: pip install apache-airflow[cncf.kubernetes][0m
[[34m2025-10-16T21:21:20.958+0700[0m] {[34mexample_python_decorator.py:[0m80} WARNING[0m - The virtalenv_python example task requires virtualenv, please install it.[0m
[[34m2025-10-16T21:21:21.109+0700[0m] {[34mtutorial_taskflow_api_virtualenv.py:[0m29} WARNING[0m - The tutorial_taskflow_api_virtualenv example DAG requires virtualenv, please install it.[0m
[[34m2025-10-16T21:21:21.174+0700[0m] {[34mexample_local_kubernetes_executor.py:[0m40} WARNING[0m - Could not import DAGs in example_local_kubernetes_executor.py[0m
Traceback (most recent call last):
  File "/home/vboxuser/code/finance_portfolio/venv/lib/python3.10/site-packages/airflow/example_dags/example_local_kubernetes_executor.py", line 38, in <module>
    from kubernetes.client import models as k8s
ModuleNotFoundError: No module named 'kubernetes'
[[34m2025-10-16T21:21:21.187+0700[0m] {[34mexample_local_kubernetes_executor.py:[0m41} WARNING[0m - Install Kubernetes dependencies with: pip install apache-airflow[cncf.kubernetes][0m
[[34m2025-10-16T21:21:21.907+0700[0m] {[34mtask_command.py:[0m426} INFO[0m - Running <TaskInstance: silver_layer_pipeline.process_news_data scheduled__2025-10-15T07:00:00+00:00 [queued]> on host Ubuntu.myguest.virtualbox.org[0m
[[34m2025-10-16T21:22:26.132+0700[0m] {[34msequential_executor.py:[0m74} INFO[0m - Executing command: ['airflow', 'tasks', 'run', 'silver_layer_pipeline', 'process_others_data', 'scheduled__2025-10-15T07:00:00+00:00', '--local', '--subdir', 'DAGS_FOLDER/silver_layer_pipeline.py'][0m
[[34m2025-10-16T21:22:29.568+0700[0m] {[34mplugins_manager.py:[0m285} ERROR[0m - Failed to import plugin /home/vboxuser/code/finance_portfolio/airflow/plugins/spark_utils.py[0m
Traceback (most recent call last):
  File "/home/vboxuser/code/finance_portfolio/venv/lib/python3.10/site-packages/airflow/plugins_manager.py", line 277, in load_plugins_from_plugin_directory
    loader.exec_module(mod)
  File "<frozen importlib._bootstrap_external>", line 883, in exec_module
  File "<frozen importlib._bootstrap>", line 241, in _call_with_frames_removed
  File "/home/vboxuser/code/finance_portfolio/airflow/plugins/spark_utils.py", line 14, in <module>
    import findspark
ModuleNotFoundError: No module named 'findspark'
[[34m2025-10-16T21:22:29.578+0700[0m] {[34mdagbag.py:[0m545} INFO[0m - Filling up the DagBag from /home/vboxuser/code/finance_portfolio/airflow/dags/silver_layer_pipeline.py[0m
[[34m2025-10-16T21:22:29.616+0700[0m] {[34mexample_python_operator.py:[0m93} WARNING[0m - The virtalenv_python example task requires virtualenv, please install it.[0m
[[34m2025-10-16T21:22:29.963+0700[0m] {[34mexample_kubernetes_executor.py:[0m39} WARNING[0m - The example_kubernetes_executor example DAG requires the kubernetes provider. Please install it with: pip install apache-airflow[cncf.kubernetes][0m
[[34m2025-10-16T21:22:30.007+0700[0m] {[34mexample_python_decorator.py:[0m80} WARNING[0m - The virtalenv_python example task requires virtualenv, please install it.[0m
[[34m2025-10-16T21:22:30.088+0700[0m] {[34mtutorial_taskflow_api_virtualenv.py:[0m29} WARNING[0m - The tutorial_taskflow_api_virtualenv example DAG requires virtualenv, please install it.[0m
[[34m2025-10-16T21:22:30.098+0700[0m] {[34mexample_local_kubernetes_executor.py:[0m40} WARNING[0m - Could not import DAGs in example_local_kubernetes_executor.py[0m
Traceback (most recent call last):
  File "/home/vboxuser/code/finance_portfolio/venv/lib/python3.10/site-packages/airflow/example_dags/example_local_kubernetes_executor.py", line 38, in <module>
    from kubernetes.client import models as k8s
ModuleNotFoundError: No module named 'kubernetes'
[[34m2025-10-16T21:22:30.099+0700[0m] {[34mexample_local_kubernetes_executor.py:[0m41} WARNING[0m - Install Kubernetes dependencies with: pip install apache-airflow[cncf.kubernetes][0m
[[34m2025-10-16T21:22:30.720+0700[0m] {[34mtask_command.py:[0m426} INFO[0m - Running <TaskInstance: silver_layer_pipeline.process_others_data scheduled__2025-10-15T07:00:00+00:00 [queued]> on host Ubuntu.myguest.virtualbox.org[0m
[[34m2025-10-16T21:22:33.343+0700[0m] {[34mscheduler_job_runner.py:[0m689} INFO[0m - Received executor event with state success for task instance TaskInstanceKey(dag_id='silver_layer_pipeline', task_id='process_stock_data', run_id='scheduled__2025-10-15T07:00:00+00:00', try_number=1, map_index=-1)[0m
[[34m2025-10-16T21:22:33.344+0700[0m] {[34mscheduler_job_runner.py:[0m689} INFO[0m - Received executor event with state success for task instance TaskInstanceKey(dag_id='silver_layer_pipeline', task_id='process_news_data', run_id='scheduled__2025-10-15T07:00:00+00:00', try_number=1, map_index=-1)[0m
[[34m2025-10-16T21:22:33.344+0700[0m] {[34mscheduler_job_runner.py:[0m689} INFO[0m - Received executor event with state success for task instance TaskInstanceKey(dag_id='silver_layer_pipeline', task_id='process_others_data', run_id='scheduled__2025-10-15T07:00:00+00:00', try_number=1, map_index=-1)[0m
[[34m2025-10-16T21:22:33.353+0700[0m] {[34mscheduler_job_runner.py:[0m721} INFO[0m - TaskInstance Finished: dag_id=silver_layer_pipeline, task_id=process_news_data, run_id=scheduled__2025-10-15T07:00:00+00:00, map_index=-1, run_start_date=2025-10-16 14:21:22.201297+00:00, run_end_date=2025-10-16 14:22:24.963301+00:00, run_duration=62.762004, state=success, executor_state=success, try_number=1, max_tries=2, job_id=3, pool=default_pool, queue=default, priority_weight=4, operator=PythonOperator, queued_dttm=2025-10-16 14:18:38.841400+00:00, queued_by_job_id=1, pid=29185[0m
[[34m2025-10-16T21:22:33.354+0700[0m] {[34mscheduler_job_runner.py:[0m721} INFO[0m - TaskInstance Finished: dag_id=silver_layer_pipeline, task_id=process_others_data, run_id=scheduled__2025-10-15T07:00:00+00:00, map_index=-1, run_start_date=2025-10-16 14:22:30.789361+00:00, run_end_date=2025-10-16 14:22:32.195717+00:00, run_duration=1.406356, state=success, executor_state=success, try_number=1, max_tries=2, job_id=4, pool=default_pool, queue=default, priority_weight=4, operator=PythonOperator, queued_dttm=2025-10-16 14:18:38.841400+00:00, queued_by_job_id=1, pid=29812[0m
[[34m2025-10-16T21:22:33.355+0700[0m] {[34mscheduler_job_runner.py:[0m721} INFO[0m - TaskInstance Finished: dag_id=silver_layer_pipeline, task_id=process_stock_data, run_id=scheduled__2025-10-15T07:00:00+00:00, map_index=-1, run_start_date=2025-10-16 14:18:42.876285+00:00, run_end_date=2025-10-16 14:21:15.264091+00:00, run_duration=152.387806, state=success, executor_state=success, try_number=1, max_tries=2, job_id=2, pool=default_pool, queue=default, priority_weight=4, operator=PythonOperator, queued_dttm=2025-10-16 14:18:38.841400+00:00, queued_by_job_id=1, pid=27348[0m
[[34m2025-10-16T21:22:33.383+0700[0m] {[34mmanager.py:[0m285} ERROR[0m - DagFileProcessorManager (PID=22747) last sent a heartbeat 234.74 seconds ago! Restarting it[0m
[[34m2025-10-16T21:22:33.416+0700[0m] {[34mprocess_utils.py:[0m132} INFO[0m - Sending Signals.SIGTERM to group 22747. PIDs of all processes in the group: [22747][0m
[[34m2025-10-16T21:22:33.417+0700[0m] {[34mprocess_utils.py:[0m87} INFO[0m - Sending the signal Signals.SIGTERM to group 22747[0m
[[34m2025-10-16T21:22:34.490+0700[0m] {[34mprocess_utils.py:[0m80} INFO[0m - Process psutil.Process(pid=22747, status='terminated', exitcode=0) (22747) terminated with exit code 0[0m
[[34m2025-10-16T21:22:34.494+0700[0m] {[34mmanager.py:[0m170} INFO[0m - Launched DagFileProcessorManager with pid: 29879[0m
[[34m2025-10-16T21:22:34.543+0700[0m] {[34msettings.py:[0m60} INFO[0m - Configured default timezone UTC[0m
[2025-10-16T21:22:34.568+0700] {manager.py:393} WARNING - Because we cannot use more than 1 thread (parsing_processes = 2) when using sqlite. So we set parallelism to 1.
[[34m2025-10-16T21:22:35.891+0700[0m] {[34mscheduler_job_runner.py:[0m1328} INFO[0m - DAG rag_pipeline is at (or above) max_active_runs (1 of 1), not creating any more runs[0m
[[34m2025-10-16T21:22:36.019+0700[0m] {[34mscheduler_job_runner.py:[0m417} INFO[0m - 2 tasks up for execution:
	<TaskInstance: rag_pipeline.extract_processed_news scheduled__2025-10-15T09:00:00+00:00 [scheduled]>
	<TaskInstance: silver_layer_pipeline.validate_silver_output scheduled__2025-10-15T07:00:00+00:00 [scheduled]>[0m
[[34m2025-10-16T21:22:36.019+0700[0m] {[34mscheduler_job_runner.py:[0m480} INFO[0m - DAG rag_pipeline has 0/16 running and queued tasks[0m
[[34m2025-10-16T21:22:36.019+0700[0m] {[34mscheduler_job_runner.py:[0m480} INFO[0m - DAG silver_layer_pipeline has 0/16 running and queued tasks[0m
[[34m2025-10-16T21:22:36.019+0700[0m] {[34mscheduler_job_runner.py:[0m596} INFO[0m - Setting the following tasks to queued state:
	<TaskInstance: rag_pipeline.extract_processed_news scheduled__2025-10-15T09:00:00+00:00 [scheduled]>
	<TaskInstance: silver_layer_pipeline.validate_silver_output scheduled__2025-10-15T07:00:00+00:00 [scheduled]>[0m
[[34m2025-10-16T21:22:36.039+0700[0m] {[34mscheduler_job_runner.py:[0m639} INFO[0m - Sending TaskInstanceKey(dag_id='rag_pipeline', task_id='extract_processed_news', run_id='scheduled__2025-10-15T09:00:00+00:00', try_number=1, map_index=-1) to executor with priority 4 and queue default[0m
[[34m2025-10-16T21:22:36.039+0700[0m] {[34mbase_executor.py:[0m149} INFO[0m - Adding to queue: ['airflow', 'tasks', 'run', 'rag_pipeline', 'extract_processed_news', 'scheduled__2025-10-15T09:00:00+00:00', '--local', '--subdir', 'DAGS_FOLDER/rag_pipeline.py'][0m
[[34m2025-10-16T21:22:36.040+0700[0m] {[34mscheduler_job_runner.py:[0m639} INFO[0m - Sending TaskInstanceKey(dag_id='silver_layer_pipeline', task_id='validate_silver_output', run_id='scheduled__2025-10-15T07:00:00+00:00', try_number=1, map_index=-1) to executor with priority 3 and queue default[0m
[[34m2025-10-16T21:22:36.040+0700[0m] {[34mbase_executor.py:[0m149} INFO[0m - Adding to queue: ['airflow', 'tasks', 'run', 'silver_layer_pipeline', 'validate_silver_output', 'scheduled__2025-10-15T07:00:00+00:00', '--local', '--subdir', 'DAGS_FOLDER/silver_layer_pipeline.py'][0m
[[34m2025-10-16T21:22:36.085+0700[0m] {[34msequential_executor.py:[0m74} INFO[0m - Executing command: ['airflow', 'tasks', 'run', 'rag_pipeline', 'extract_processed_news', 'scheduled__2025-10-15T09:00:00+00:00', '--local', '--subdir', 'DAGS_FOLDER/rag_pipeline.py'][0m
[[34m2025-10-16T21:22:38.200+0700[0m] {[34mplugins_manager.py:[0m285} ERROR[0m - Failed to import plugin /home/vboxuser/code/finance_portfolio/airflow/plugins/spark_utils.py[0m
Traceback (most recent call last):
  File "/home/vboxuser/code/finance_portfolio/venv/lib/python3.10/site-packages/airflow/plugins_manager.py", line 277, in load_plugins_from_plugin_directory
    loader.exec_module(mod)
  File "<frozen importlib._bootstrap_external>", line 883, in exec_module
  File "<frozen importlib._bootstrap>", line 241, in _call_with_frames_removed
  File "/home/vboxuser/code/finance_portfolio/airflow/plugins/spark_utils.py", line 14, in <module>
    import findspark
ModuleNotFoundError: No module named 'findspark'
[[34m2025-10-16T21:22:38.208+0700[0m] {[34mdagbag.py:[0m545} INFO[0m - Filling up the DagBag from /home/vboxuser/code/finance_portfolio/airflow/dags/rag_pipeline.py[0m
[[34m2025-10-16T21:22:38.243+0700[0m] {[34mexample_python_operator.py:[0m93} WARNING[0m - The virtalenv_python example task requires virtualenv, please install it.[0m
[[34m2025-10-16T21:22:38.401+0700[0m] {[34mexample_kubernetes_executor.py:[0m39} WARNING[0m - The example_kubernetes_executor example DAG requires the kubernetes provider. Please install it with: pip install apache-airflow[cncf.kubernetes][0m
[[34m2025-10-16T21:22:38.457+0700[0m] {[34mexample_python_decorator.py:[0m80} WARNING[0m - The virtalenv_python example task requires virtualenv, please install it.[0m
[[34m2025-10-16T21:22:38.513+0700[0m] {[34mtutorial_taskflow_api_virtualenv.py:[0m29} WARNING[0m - The tutorial_taskflow_api_virtualenv example DAG requires virtualenv, please install it.[0m
[[34m2025-10-16T21:22:38.520+0700[0m] {[34mexample_local_kubernetes_executor.py:[0m40} WARNING[0m - Could not import DAGs in example_local_kubernetes_executor.py[0m
Traceback (most recent call last):
  File "/home/vboxuser/code/finance_portfolio/venv/lib/python3.10/site-packages/airflow/example_dags/example_local_kubernetes_executor.py", line 38, in <module>
    from kubernetes.client import models as k8s
ModuleNotFoundError: No module named 'kubernetes'
[[34m2025-10-16T21:22:38.520+0700[0m] {[34mexample_local_kubernetes_executor.py:[0m41} WARNING[0m - Install Kubernetes dependencies with: pip install apache-airflow[cncf.kubernetes][0m
[[34m2025-10-16T21:22:38.866+0700[0m] {[34mtask_command.py:[0m426} INFO[0m - Running <TaskInstance: rag_pipeline.extract_processed_news scheduled__2025-10-15T09:00:00+00:00 [queued]> on host Ubuntu.myguest.virtualbox.org[0m
[[34m2025-10-16T21:22:40.719+0700[0m] {[34msequential_executor.py:[0m74} INFO[0m - Executing command: ['airflow', 'tasks', 'run', 'silver_layer_pipeline', 'validate_silver_output', 'scheduled__2025-10-15T07:00:00+00:00', '--local', '--subdir', 'DAGS_FOLDER/silver_layer_pipeline.py'][0m
[[34m2025-10-16T21:22:44.178+0700[0m] {[34mplugins_manager.py:[0m285} ERROR[0m - Failed to import plugin /home/vboxuser/code/finance_portfolio/airflow/plugins/spark_utils.py[0m
Traceback (most recent call last):
  File "/home/vboxuser/code/finance_portfolio/venv/lib/python3.10/site-packages/airflow/plugins_manager.py", line 277, in load_plugins_from_plugin_directory
    loader.exec_module(mod)
  File "<frozen importlib._bootstrap_external>", line 883, in exec_module
  File "<frozen importlib._bootstrap>", line 241, in _call_with_frames_removed
  File "/home/vboxuser/code/finance_portfolio/airflow/plugins/spark_utils.py", line 14, in <module>
    import findspark
ModuleNotFoundError: No module named 'findspark'
[[34m2025-10-16T21:22:44.191+0700[0m] {[34mdagbag.py:[0m545} INFO[0m - Filling up the DagBag from /home/vboxuser/code/finance_portfolio/airflow/dags/silver_layer_pipeline.py[0m
[[34m2025-10-16T21:22:44.276+0700[0m] {[34mexample_python_operator.py:[0m93} WARNING[0m - The virtalenv_python example task requires virtualenv, please install it.[0m
[[34m2025-10-16T21:22:44.571+0700[0m] {[34mexample_kubernetes_executor.py:[0m39} WARNING[0m - The example_kubernetes_executor example DAG requires the kubernetes provider. Please install it with: pip install apache-airflow[cncf.kubernetes][0m
[[34m2025-10-16T21:22:44.620+0700[0m] {[34mexample_python_decorator.py:[0m80} WARNING[0m - The virtalenv_python example task requires virtualenv, please install it.[0m
[[34m2025-10-16T21:22:44.772+0700[0m] {[34mtutorial_taskflow_api_virtualenv.py:[0m29} WARNING[0m - The tutorial_taskflow_api_virtualenv example DAG requires virtualenv, please install it.[0m
[[34m2025-10-16T21:22:44.783+0700[0m] {[34mexample_local_kubernetes_executor.py:[0m40} WARNING[0m - Could not import DAGs in example_local_kubernetes_executor.py[0m
Traceback (most recent call last):
  File "/home/vboxuser/code/finance_portfolio/venv/lib/python3.10/site-packages/airflow/example_dags/example_local_kubernetes_executor.py", line 38, in <module>
    from kubernetes.client import models as k8s
ModuleNotFoundError: No module named 'kubernetes'
[[34m2025-10-16T21:22:44.788+0700[0m] {[34mexample_local_kubernetes_executor.py:[0m41} WARNING[0m - Install Kubernetes dependencies with: pip install apache-airflow[cncf.kubernetes][0m
[[34m2025-10-16T21:22:45.927+0700[0m] {[34mtask_command.py:[0m426} INFO[0m - Running <TaskInstance: silver_layer_pipeline.validate_silver_output scheduled__2025-10-15T07:00:00+00:00 [queued]> on host Ubuntu.myguest.virtualbox.org[0m
[[34m2025-10-16T21:22:49.524+0700[0m] {[34mscheduler_job_runner.py:[0m689} INFO[0m - Received executor event with state success for task instance TaskInstanceKey(dag_id='rag_pipeline', task_id='extract_processed_news', run_id='scheduled__2025-10-15T09:00:00+00:00', try_number=1, map_index=-1)[0m
[[34m2025-10-16T21:22:49.528+0700[0m] {[34mscheduler_job_runner.py:[0m689} INFO[0m - Received executor event with state success for task instance TaskInstanceKey(dag_id='silver_layer_pipeline', task_id='validate_silver_output', run_id='scheduled__2025-10-15T07:00:00+00:00', try_number=1, map_index=-1)[0m
[[34m2025-10-16T21:22:49.541+0700[0m] {[34mscheduler_job_runner.py:[0m721} INFO[0m - TaskInstance Finished: dag_id=rag_pipeline, task_id=extract_processed_news, run_id=scheduled__2025-10-15T09:00:00+00:00, map_index=-1, run_start_date=2025-10-16 14:22:38.933288+00:00, run_end_date=2025-10-16 14:22:39.774439+00:00, run_duration=0.841151, state=success, executor_state=success, try_number=1, max_tries=2, job_id=5, pool=default_pool, queue=default, priority_weight=4, operator=PythonOperator, queued_dttm=2025-10-16 14:22:36.020172+00:00, queued_by_job_id=1, pid=30003[0m
[[34m2025-10-16T21:22:49.545+0700[0m] {[34mscheduler_job_runner.py:[0m721} INFO[0m - TaskInstance Finished: dag_id=silver_layer_pipeline, task_id=validate_silver_output, run_id=scheduled__2025-10-15T07:00:00+00:00, map_index=-1, run_start_date=2025-10-16 14:22:46.188018+00:00, run_end_date=2025-10-16 14:22:48.301180+00:00, run_duration=2.113162, state=success, executor_state=success, try_number=1, max_tries=1, job_id=6, pool=default_pool, queue=default, priority_weight=3, operator=PythonOperator, queued_dttm=2025-10-16 14:22:36.020172+00:00, queued_by_job_id=1, pid=30094[0m
[[34m2025-10-16T21:22:49.627+0700[0m] {[34mscheduler_job_runner.py:[0m1595} INFO[0m - Adopting or resetting orphaned tasks for active dag runs[0m
[[34m2025-10-16T21:22:50.100+0700[0m] {[34mscheduler_job_runner.py:[0m417} INFO[0m - 5 tasks up for execution:
	<TaskInstance: bronze_layer_pipeline.extract_vnstock_data manual__2025-10-16T14:20:30+00:00 [scheduled]>
	<TaskInstance: bronze_layer_pipeline.extract_news_data manual__2025-10-16T14:20:30+00:00 [scheduled]>
	<TaskInstance: bronze_layer_pipeline.extract_others_data manual__2025-10-16T14:20:30+00:00 [scheduled]>
	<TaskInstance: rag_pipeline.create_vietnamese_embeddings scheduled__2025-10-15T09:00:00+00:00 [scheduled]>
	<TaskInstance: silver_layer_pipeline.silver_health_check scheduled__2025-10-15T07:00:00+00:00 [scheduled]>[0m
[[34m2025-10-16T21:22:50.101+0700[0m] {[34mscheduler_job_runner.py:[0m480} INFO[0m - DAG bronze_layer_pipeline has 0/8 running and queued tasks[0m
[[34m2025-10-16T21:22:50.102+0700[0m] {[34mscheduler_job_runner.py:[0m480} INFO[0m - DAG bronze_layer_pipeline has 1/8 running and queued tasks[0m
[[34m2025-10-16T21:22:50.102+0700[0m] {[34mscheduler_job_runner.py:[0m480} INFO[0m - DAG bronze_layer_pipeline has 2/8 running and queued tasks[0m
[[34m2025-10-16T21:22:50.102+0700[0m] {[34mscheduler_job_runner.py:[0m480} INFO[0m - DAG rag_pipeline has 0/16 running and queued tasks[0m
[[34m2025-10-16T21:22:50.102+0700[0m] {[34mscheduler_job_runner.py:[0m480} INFO[0m - DAG silver_layer_pipeline has 0/16 running and queued tasks[0m
[[34m2025-10-16T21:22:50.102+0700[0m] {[34mscheduler_job_runner.py:[0m596} INFO[0m - Setting the following tasks to queued state:
	<TaskInstance: bronze_layer_pipeline.extract_vnstock_data manual__2025-10-16T14:20:30+00:00 [scheduled]>
	<TaskInstance: bronze_layer_pipeline.extract_news_data manual__2025-10-16T14:20:30+00:00 [scheduled]>
	<TaskInstance: bronze_layer_pipeline.extract_others_data manual__2025-10-16T14:20:30+00:00 [scheduled]>
	<TaskInstance: rag_pipeline.create_vietnamese_embeddings scheduled__2025-10-15T09:00:00+00:00 [scheduled]>
	<TaskInstance: silver_layer_pipeline.silver_health_check scheduled__2025-10-15T07:00:00+00:00 [scheduled]>[0m
[[34m2025-10-16T21:22:50.107+0700[0m] {[34mscheduler_job_runner.py:[0m639} INFO[0m - Sending TaskInstanceKey(dag_id='bronze_layer_pipeline', task_id='extract_vnstock_data', run_id='manual__2025-10-16T14:20:30+00:00', try_number=1, map_index=-1) to executor with priority 4 and queue default[0m
[[34m2025-10-16T21:22:50.108+0700[0m] {[34mbase_executor.py:[0m149} INFO[0m - Adding to queue: ['airflow', 'tasks', 'run', 'bronze_layer_pipeline', 'extract_vnstock_data', 'manual__2025-10-16T14:20:30+00:00', '--local', '--subdir', 'DAGS_FOLDER/bronze_layer_pipeline.py'][0m
[[34m2025-10-16T21:22:50.108+0700[0m] {[34mscheduler_job_runner.py:[0m639} INFO[0m - Sending TaskInstanceKey(dag_id='bronze_layer_pipeline', task_id='extract_news_data', run_id='manual__2025-10-16T14:20:30+00:00', try_number=1, map_index=-1) to executor with priority 4 and queue default[0m
[[34m2025-10-16T21:22:50.108+0700[0m] {[34mbase_executor.py:[0m149} INFO[0m - Adding to queue: ['airflow', 'tasks', 'run', 'bronze_layer_pipeline', 'extract_news_data', 'manual__2025-10-16T14:20:30+00:00', '--local', '--subdir', 'DAGS_FOLDER/bronze_layer_pipeline.py'][0m
[[34m2025-10-16T21:22:50.108+0700[0m] {[34mscheduler_job_runner.py:[0m639} INFO[0m - Sending TaskInstanceKey(dag_id='bronze_layer_pipeline', task_id='extract_others_data', run_id='manual__2025-10-16T14:20:30+00:00', try_number=1, map_index=-1) to executor with priority 4 and queue default[0m
[[34m2025-10-16T21:22:50.108+0700[0m] {[34mbase_executor.py:[0m149} INFO[0m - Adding to queue: ['airflow', 'tasks', 'run', 'bronze_layer_pipeline', 'extract_others_data', 'manual__2025-10-16T14:20:30+00:00', '--local', '--subdir', 'DAGS_FOLDER/bronze_layer_pipeline.py'][0m
[[34m2025-10-16T21:22:50.109+0700[0m] {[34mscheduler_job_runner.py:[0m639} INFO[0m - Sending TaskInstanceKey(dag_id='rag_pipeline', task_id='create_vietnamese_embeddings', run_id='scheduled__2025-10-15T09:00:00+00:00', try_number=1, map_index=-1) to executor with priority 3 and queue default[0m
[[34m2025-10-16T21:22:50.109+0700[0m] {[34mbase_executor.py:[0m149} INFO[0m - Adding to queue: ['airflow', 'tasks', 'run', 'rag_pipeline', 'create_vietnamese_embeddings', 'scheduled__2025-10-15T09:00:00+00:00', '--local', '--subdir', 'DAGS_FOLDER/rag_pipeline.py'][0m
[[34m2025-10-16T21:22:50.109+0700[0m] {[34mscheduler_job_runner.py:[0m639} INFO[0m - Sending TaskInstanceKey(dag_id='silver_layer_pipeline', task_id='silver_health_check', run_id='scheduled__2025-10-15T07:00:00+00:00', try_number=1, map_index=-1) to executor with priority 2 and queue default[0m
[[34m2025-10-16T21:22:50.109+0700[0m] {[34mbase_executor.py:[0m149} INFO[0m - Adding to queue: ['airflow', 'tasks', 'run', 'silver_layer_pipeline', 'silver_health_check', 'scheduled__2025-10-15T07:00:00+00:00', '--local', '--subdir', 'DAGS_FOLDER/silver_layer_pipeline.py'][0m
[[34m2025-10-16T21:22:50.119+0700[0m] {[34msequential_executor.py:[0m74} INFO[0m - Executing command: ['airflow', 'tasks', 'run', 'bronze_layer_pipeline', 'extract_vnstock_data', 'manual__2025-10-16T14:20:30+00:00', '--local', '--subdir', 'DAGS_FOLDER/bronze_layer_pipeline.py'][0m
[[34m2025-10-16T21:22:54.655+0700[0m] {[34mplugins_manager.py:[0m285} ERROR[0m - Failed to import plugin /home/vboxuser/code/finance_portfolio/airflow/plugins/spark_utils.py[0m
Traceback (most recent call last):
  File "/home/vboxuser/code/finance_portfolio/venv/lib/python3.10/site-packages/airflow/plugins_manager.py", line 277, in load_plugins_from_plugin_directory
    loader.exec_module(mod)
  File "<frozen importlib._bootstrap_external>", line 883, in exec_module
  File "<frozen importlib._bootstrap>", line 241, in _call_with_frames_removed
  File "/home/vboxuser/code/finance_portfolio/airflow/plugins/spark_utils.py", line 14, in <module>
    import findspark
ModuleNotFoundError: No module named 'findspark'
[[34m2025-10-16T21:22:54.675+0700[0m] {[34mdagbag.py:[0m545} INFO[0m - Filling up the DagBag from /home/vboxuser/code/finance_portfolio/airflow/dags/bronze_layer_pipeline.py[0m
[[34m2025-10-16T21:22:54.718+0700[0m] {[34mexample_python_operator.py:[0m93} WARNING[0m - The virtalenv_python example task requires virtualenv, please install it.[0m
[[34m2025-10-16T21:22:55.066+0700[0m] {[34mexample_kubernetes_executor.py:[0m39} WARNING[0m - The example_kubernetes_executor example DAG requires the kubernetes provider. Please install it with: pip install apache-airflow[cncf.kubernetes][0m
[[34m2025-10-16T21:22:55.618+0700[0m] {[34mexample_python_decorator.py:[0m80} WARNING[0m - The virtalenv_python example task requires virtualenv, please install it.[0m
[[34m2025-10-16T21:22:57.184+0700[0m] {[34mtutorial_taskflow_api_virtualenv.py:[0m29} WARNING[0m - The tutorial_taskflow_api_virtualenv example DAG requires virtualenv, please install it.[0m
[[34m2025-10-16T21:22:57.577+0700[0m] {[34mexample_local_kubernetes_executor.py:[0m40} WARNING[0m - Could not import DAGs in example_local_kubernetes_executor.py[0m
Traceback (most recent call last):
  File "/home/vboxuser/code/finance_portfolio/venv/lib/python3.10/site-packages/airflow/example_dags/example_local_kubernetes_executor.py", line 38, in <module>
    from kubernetes.client import models as k8s
ModuleNotFoundError: No module named 'kubernetes'
[[34m2025-10-16T21:22:57.591+0700[0m] {[34mexample_local_kubernetes_executor.py:[0m41} WARNING[0m - Install Kubernetes dependencies with: pip install apache-airflow[cncf.kubernetes][0m
[[34m2025-10-16T21:22:59.300+0700[0m] {[34mtask_command.py:[0m426} INFO[0m - Running <TaskInstance: bronze_layer_pipeline.extract_vnstock_data manual__2025-10-16T14:20:30+00:00 [queued]> on host Ubuntu.myguest.virtualbox.org[0m
[[34m2025-10-16T21:39:43.523+0700[0m] {[34mscheduler_job_runner.py:[0m256} INFO[0m - Exiting gracefully upon receiving signal 15[0m
[[34m2025-10-16T21:39:44.487+0700[0m] {[34mprocess_utils.py:[0m132} INFO[0m - Sending Signals.SIGTERM to group 29879. PIDs of all processes in the group: [][0m
[[34m2025-10-16T21:39:44.490+0700[0m] {[34mprocess_utils.py:[0m87} INFO[0m - Sending the signal Signals.SIGTERM to group 29879[0m
[[34m2025-10-16T21:39:44.498+0700[0m] {[34mprocess_utils.py:[0m101} INFO[0m - Sending the signal Signals.SIGTERM to process 29879 as process group is missing.[0m
[[34m2025-10-16T21:39:44.582+0700[0m] {[34msequential_executor.py:[0m74} INFO[0m - Executing command: ['airflow', 'tasks', 'run', 'bronze_layer_pipeline', 'extract_vnstock_data', 'manual__2025-10-16T14:20:30+00:00', '--local', '--subdir', 'DAGS_FOLDER/bronze_layer_pipeline.py'][0m
[[34m2025-10-16T21:40:05.514+0700[0m] {[34mplugins_manager.py:[0m285} ERROR[0m - Failed to import plugin /home/vboxuser/code/finance_portfolio/airflow/plugins/spark_utils.py[0m
Traceback (most recent call last):
  File "/home/vboxuser/code/finance_portfolio/venv/lib/python3.10/site-packages/airflow/plugins_manager.py", line 277, in load_plugins_from_plugin_directory
    loader.exec_module(mod)
  File "<frozen importlib._bootstrap_external>", line 883, in exec_module
  File "<frozen importlib._bootstrap>", line 241, in _call_with_frames_removed
  File "/home/vboxuser/code/finance_portfolio/airflow/plugins/spark_utils.py", line 14, in <module>
    import findspark
ModuleNotFoundError: No module named 'findspark'
[[34m2025-10-16T21:40:05.815+0700[0m] {[34mdagbag.py:[0m545} INFO[0m - Filling up the DagBag from /home/vboxuser/code/finance_portfolio/airflow/dags/bronze_layer_pipeline.py[0m
[[34m2025-10-16T21:40:07.157+0700[0m] {[34mexample_python_operator.py:[0m93} WARNING[0m - The virtalenv_python example task requires virtualenv, please install it.[0m
[[34m2025-10-16T21:40:11.071+0700[0m] {[34mexample_kubernetes_executor.py:[0m39} WARNING[0m - The example_kubernetes_executor example DAG requires the kubernetes provider. Please install it with: pip install apache-airflow[cncf.kubernetes][0m
[[34m2025-10-16T21:40:12.041+0700[0m] {[34mexample_python_decorator.py:[0m80} WARNING[0m - The virtalenv_python example task requires virtualenv, please install it.[0m
[[34m2025-10-16T21:40:13.616+0700[0m] {[34mtutorial_taskflow_api_virtualenv.py:[0m29} WARNING[0m - The tutorial_taskflow_api_virtualenv example DAG requires virtualenv, please install it.[0m
[[34m2025-10-16T21:40:14.074+0700[0m] {[34mexample_local_kubernetes_executor.py:[0m40} WARNING[0m - Could not import DAGs in example_local_kubernetes_executor.py[0m
Traceback (most recent call last):
  File "/home/vboxuser/code/finance_portfolio/venv/lib/python3.10/site-packages/airflow/example_dags/example_local_kubernetes_executor.py", line 38, in <module>
    from kubernetes.client import models as k8s
ModuleNotFoundError: No module named 'kubernetes'
[[34m2025-10-16T21:40:14.098+0700[0m] {[34mexample_local_kubernetes_executor.py:[0m41} WARNING[0m - Install Kubernetes dependencies with: pip install apache-airflow[cncf.kubernetes][0m
[[34m2025-10-16T21:40:19.471+0700[0m] {[34mtask_command.py:[0m426} INFO[0m - Running <TaskInstance: bronze_layer_pipeline.extract_vnstock_data manual__2025-10-16T14:20:30+00:00 [up_for_retry]> on host Ubuntu.myguest.virtualbox.org[0m
[[34m2025-10-16T21:40:21.997+0700[0m] {[34msequential_executor.py:[0m74} INFO[0m - Executing command: ['airflow', 'tasks', 'run', 'bronze_layer_pipeline', 'extract_news_data', 'manual__2025-10-16T14:20:30+00:00', '--local', '--subdir', 'DAGS_FOLDER/bronze_layer_pipeline.py'][0m
[[34m2025-10-16T21:40:24.568+0700[0m] {[34mplugins_manager.py:[0m285} ERROR[0m - Failed to import plugin /home/vboxuser/code/finance_portfolio/airflow/plugins/spark_utils.py[0m
Traceback (most recent call last):
  File "/home/vboxuser/code/finance_portfolio/venv/lib/python3.10/site-packages/airflow/plugins_manager.py", line 277, in load_plugins_from_plugin_directory
    loader.exec_module(mod)
  File "<frozen importlib._bootstrap_external>", line 883, in exec_module
  File "<frozen importlib._bootstrap>", line 241, in _call_with_frames_removed
  File "/home/vboxuser/code/finance_portfolio/airflow/plugins/spark_utils.py", line 14, in <module>
    import findspark
ModuleNotFoundError: No module named 'findspark'
[[34m2025-10-16T21:40:24.578+0700[0m] {[34mdagbag.py:[0m545} INFO[0m - Filling up the DagBag from /home/vboxuser/code/finance_portfolio/airflow/dags/bronze_layer_pipeline.py[0m
[[34m2025-10-16T21:40:24.689+0700[0m] {[34mexample_python_operator.py:[0m93} WARNING[0m - The virtalenv_python example task requires virtualenv, please install it.[0m
[[34m2025-10-16T21:40:25.030+0700[0m] {[34mexample_kubernetes_executor.py:[0m39} WARNING[0m - The example_kubernetes_executor example DAG requires the kubernetes provider. Please install it with: pip install apache-airflow[cncf.kubernetes][0m
[[34m2025-10-16T21:40:25.109+0700[0m] {[34mexample_python_decorator.py:[0m80} WARNING[0m - The virtalenv_python example task requires virtualenv, please install it.[0m
[[34m2025-10-16T21:40:25.223+0700[0m] {[34mtutorial_taskflow_api_virtualenv.py:[0m29} WARNING[0m - The tutorial_taskflow_api_virtualenv example DAG requires virtualenv, please install it.[0m
[[34m2025-10-16T21:40:25.231+0700[0m] {[34mexample_local_kubernetes_executor.py:[0m40} WARNING[0m - Could not import DAGs in example_local_kubernetes_executor.py[0m
Traceback (most recent call last):
  File "/home/vboxuser/code/finance_portfolio/venv/lib/python3.10/site-packages/airflow/example_dags/example_local_kubernetes_executor.py", line 38, in <module>
    from kubernetes.client import models as k8s
ModuleNotFoundError: No module named 'kubernetes'
[[34m2025-10-16T21:40:25.231+0700[0m] {[34mexample_local_kubernetes_executor.py:[0m41} WARNING[0m - Install Kubernetes dependencies with: pip install apache-airflow[cncf.kubernetes][0m
[[34m2025-10-16T21:40:25.874+0700[0m] {[34mtask_command.py:[0m426} INFO[0m - Running <TaskInstance: bronze_layer_pipeline.extract_news_data manual__2025-10-16T14:20:30+00:00 [queued]> on host Ubuntu.myguest.virtualbox.org[0m
[[34m2025-10-16T21:40:29.711+0700[0m] {[34mscheduler_job_runner.py:[0m256} INFO[0m - Exiting gracefully upon receiving signal 15[0m
[[34m2025-10-16T21:40:29.744+0700[0m] {[34mprocess_utils.py:[0m132} INFO[0m - Sending Signals.SIGTERM to group 29879. PIDs of all processes in the group: [][0m
[[34m2025-10-16T21:40:29.745+0700[0m] {[34mprocess_utils.py:[0m87} INFO[0m - Sending the signal Signals.SIGTERM to group 29879[0m
[[34m2025-10-16T21:40:29.745+0700[0m] {[34mprocess_utils.py:[0m101} INFO[0m - Sending the signal Signals.SIGTERM to process 29879 as process group is missing.[0m
[2025-10-16 21:40:30 +0700] [22745] [INFO] Handling signal: term
[2025-10-16 21:40:30 +0700] [22751] [INFO] Worker exiting (pid: 22751)
[2025-10-16 21:40:30 +0700] [22764] [INFO] Worker exiting (pid: 22764)
[2025-10-16 21:40:30 +0700] [22745] [INFO] Shutting down: Master
